../Core/Src/main.c:110:5:__io_putchar	16	static
../Core/Src/main.c:118:6:HAL_UART_RxCpltCallback	16	static
../Core/Src/main.c:138:6:HAL_TIM_PeriodElapsedCallback	16	static
../Core/Src/main.c:153:6:Task_Dht_handler	8	static
../Core/Src/main.c:161:6:Task_Dist_handler	8	static
../Core/Src/main.c:168:6:Task_Display_handler	24	static
../Core/Src/main.c:205:6:Task_Uart_Handler	32	static
../Core/Src/main.c:274:5:main	24	static
../Core/Src/main.c:332:6:SystemClock_Config	88	static
../Core/Src/main.c:379:13:MX_I2C2_Init	8	static
../Core/Src/main.c:413:13:MX_TIM2_Init	32	static
../Core/Src/main.c:458:13:MX_TIM3_Init	32	static
../Core/Src/main.c:503:13:MX_TIM4_Init	32	static
../Core/Src/main.c:548:13:MX_USART2_UART_Init	8	static
../Core/Src/main.c:581:13:MX_GPIO_Init	40	static
../Core/Src/main.c:630:6:Error_Handler	4	static,ignoring_inline_asm
